d:\cloudstation\did\spg\2018_2019\lab5\cubes\spgopengl\x64\debug\vc140.pdb
d:\cloudstation\did\spg\2018_2019\lab5\cubes\spgopengl\x64\debug\vc140.idb
d:\cloudstation\did\spg\2018_2019\lab5\cubes\spgopengl\x64\debug\main.obj
d:\cloudstation\did\spg\2018_2019\lab8\cubelighting\spgopengl\x64\debug\vc140.pdb
d:\cloudstation\did\spg\2018_2019\lab8\cubelighting\spgopengl\x64\debug\vc140.idb
d:\cloudstation\did\spg\2018_2019\lab8\cubelighting\spgopengl\x64\debug\main.obj
d:\cloudstation\did\spg\2018_2019\lab8\cubelighting_stud\spgopengl\x64\debug\vc140.pdb
d:\cloudstation\did\spg\2018_2019\lab8\cubelighting_stud\spgopengl\x64\debug\vc140.idb
d:\cloudstation\did\spg\2018_2019\lab8\cubelighting_stud\spgopengl\x64\debug\main.obj
d:\cloudstation\did\spg\2018_2019\lab5\cubes\x64\debug\spgopengl.ilk
d:\cloudstation\did\spg\2018_2019\lab5\cubes\x64\debug\spgopengl.exe
d:\cloudstation\did\spg\2018_2019\lab5\cubes\x64\debug\spgopengl.pdb
d:\cloudstation\did\spg\2018_2019\lab8\cubelighting\x64\debug\spgopengl.ilk
d:\cloudstation\did\spg\2018_2019\lab8\cubelighting\x64\debug\spgopengl.exe
d:\cloudstation\did\spg\2018_2019\lab8\cubelighting\x64\debug\spgopengl.pdb
d:\cloudstation\did\spg\2018_2019\lab8\cubelighting_stud\x64\debug\spgopengl.ilk
d:\cloudstation\did\spg\2018_2019\lab8\cubelighting_stud\x64\debug\spgopengl.exe
d:\cloudstation\did\spg\2018_2019\lab8\cubelighting_stud\x64\debug\spgopengl.pdb
d:\cloudstation\did\spg\2018_2019\lab8\cubelighting_stud\spgopengl\x64\debug\spgopengl.tlog\cl.command.1.tlog
d:\cloudstation\did\spg\2018_2019\lab8\cubelighting_stud\spgopengl\x64\debug\spgopengl.tlog\cl.read.1.tlog
d:\cloudstation\did\spg\2018_2019\lab8\cubelighting_stud\spgopengl\x64\debug\spgopengl.tlog\cl.write.1.tlog
d:\cloudstation\did\spg\2018_2019\lab8\cubelighting_stud\spgopengl\x64\debug\spgopengl.tlog\link.command.1.tlog
d:\cloudstation\did\spg\2018_2019\lab8\cubelighting_stud\spgopengl\x64\debug\spgopengl.tlog\link.read.1.tlog
d:\cloudstation\did\spg\2018_2019\lab8\cubelighting_stud\spgopengl\x64\debug\spgopengl.tlog\link.write.1.tlog
